enable ubuntu machine to run virtual machines, using kvm, aqemu-kvm
===================================================================
Achieved: created a VM (ubuntu 23.x desktop) on ubuntu 22.04, using ISO
Next: create using cloud image, learn image customization using libraries like libvirt-daemon-system virtinst libvirt-clients bridge-utils
reference: https://www.linuxtechi.com/how-to-install-kvm-on-ubuntu-22-04/
reference : https://documentation.suse.com/sles/12-SP5/html/SLES-all/cha-libvirt-managing.html

Tools: libvirtd, virtlogd, virsh, virt-install, virt-top, kvm-stat, virt-manager, virt-viewer, virt-xml-validate, virt-df, https://www.libvirt.org/
https://gitlab.com/libvirt/libvirt-python
https://libvirt.org/kbase/index.html
https://libvirt.org/docs.html
https://libvirt.org/apps.html
===================================================================

1) Check if Virtualization is enabled
$ egrep -c '(vmx|svm)' /proc/cpuinfo
8

2) In addition, you can verify if KVM virtualization is enabled by running the following command:
$ kvm-ok
Command 'kvm-ok' not found, but can be installed with:
sudo apt install cpu-checker

$ sudo apt install -y cpu-checker
$ kvm-ok
INFO: /dev/kvm exists
KVM acceleration can be used

3) Install KVM on Ubuntu 22.04 
Next, run the command below to install KVM and additional virtualization packages on Ubuntu 22.04. details of packages that we are installing:
    qemu-kvm  – An opensource emulator and virtualization package that provides hardware emulation.
    virt-manager – A Qt-based graphical interface for managing virtual machines via the libvirt daemon.
    libvirt-daemon-system – A package that provides configuration files required to run the libvirt daemon.
    virtinst – A  set of command-line utilities for provisioning and modifying virtual machines.
    libvirt-clients – A set of client-side libraries and APIs for managing and controlling virtual machines & hypervisors from the command line.
    bridge-utils – A set of tools for creating and managing bridge devices.

$ sudo apt install -y qemu-kvm virt-manager libvirt-daemon-system virtinst libvirt-clients bridge-utils


4) enable and start libvirtd

$ sudo systemctl enable --now libvirtd
$ sudo systemctl start libvirtd
$ sudo systemctl status libvirtd
● libvirtd.service - Virtualization daemon
     Loaded: loaded (/lib/systemd/system/libvirtd.service; enabled; vendor preset: enabled)
     Active: active (running) since Sun 2024-05-19 02:17:03 CDT; 3min 46s ago
TriggeredBy: ● libvirtd.socket
             ● libvirtd-ro.socket
             ● libvirtd-admin.socket
       Docs: man:libvirtd(8)
             https://libvirt.org
   Main PID: 8022 (libvirtd)
      Tasks: 21 (limit: 32768)
     Memory: 10.0M
        CPU: 837ms
     CGroup: /system.slice/libvirtd.service
             ├─8022 /usr/sbin/libvirtd
             ├─8141 /usr/sbin/dnsmasq --conf-file=/var/lib/libvirt/dnsmasq/default.conf --leasefile-ro --dhcp-script=/usr/lib/libvirt/libvirt_leaseshelper
             └─8142 /usr/sbin/dnsmasq --conf-file=/var/lib/libvirt/dnsmasq/default.conf --leasefile-ro --dhcp-script=/usr/lib/libvirt/libvirt_leaseshelper


5) add current user to kvm and libvirt group 
$ sudo usermod -aG kvm $USER
$ sudo usermod -aG libvirt $USER

5a) Network bridge
skipped stop to create network bridge, lets first try with a virtual bridge named virbr0, which is created automatically when KVM is installed but it is used for testing purposes.

$ ip addr show 
 virbr0: <NO-CARRIER,BROADCAST,MULTICAST,UP> mtu 1500 qdisc noqueue state DOWN group default qlen 1000
    link/ether 52:54:00:9e:0c:ba brd ff:ff:ff:ff:ff:ff
    inet 192.168.122.1/24 brd 192.168.122.255 scope global virbr0
       valid_lft forever preferred_lft forever

6) Open Virtual Machine Manager - GUI tool (virt-manager), using shortcut in GUI or at command line 
$ virt-manager

- getting below error. Unable to connect to libvirt qemu:///system.
Verify that the 'libvirtd' daemon is running.

Libvirt URI is: qemu:///system

Traceback (most recent call last):
  File "/usr/share/virt-manager/virtManager/connection.py", line 923, in _do_open
    self._backend.open(cb, data)
  File "/usr/share/virt-manager/virtinst/connection.py", line 153, in open
    conn = libvirt.openAuth(self._open_uri,
  File "/usr/lib/python3/dist-packages/libvirt.py", line 148, in openAuth
    raise libvirtError('virConnectOpenAuth() failed')
libvirt.libvirtError: Failed to connect socket to '/var/run/libvirt/libvirt-sock': Permission denied

6a) Restart server -> it fixed above issue and opening 'Virtual Machine Manager' gives conected system. 
7) create VM (ubuntu desktop 23.x) using ISO

7a) Image gets stored as a qcow2 file
agupta@hl001:/var/lib/libvirt$ sudo ls -l /var/lib/libvirt/images/
total 7445336
drwx--x--x 2 root root        4096 May 19 02:41 pool
-rw------- 1 root root 26847870976 May 26 19:30 ubuntu24.04.qcow2


8) Most management tasks, such as starting or stopping a VM Guest, can either be done using the graphical application Virtual Machine Manager or on the command line using virsh
virsh, and virt-viewer (virsh help list or man 1 virsh. )

$ virsh list
 Id   Name   State
--------------------

$ virsh list --all
 Id   Name          State
------------------------------
 -    ubuntu24.04   shut off

$ virsh start ubuntu24.04
Domain 'ubuntu24.04' started
$ virsh suspend ubuntu24.04 
$ virsh resume ubuntu24.04 (Resume (a Suspended VM Guest)
$ virsh reboot ubuntu24.04 (Reboot)
$ virsh shutdown ubuntu24.04 (Graceful shutdown)
$ virsh destroy ubuntu24.04 ( Force shutdown)
$ virsh autostart ubuntu24.04 (Turn on automatic start)
$ virsh autostart --disable ubuntu24.04 (Turn off automatic start)




9) Monitoring with virt-top (sudo apt install virt-top)
10) kvm_stat










agupta@hl001:~$ virsh --help

virsh [options]... [<command_string>]
virsh [options]... <command> [args...]

  options:
    -c | --connect=URI      hypervisor connection URI
    -d | --debug=NUM        debug level [0-4]
    -e | --escape <char>    set escape sequence for console
    -h | --help             this help
    -k | --keepalive-interval=NUM
                            keepalive interval in seconds, 0 for disable
    -K | --keepalive-count=NUM
                            number of possible missed keepalive messages
    -l | --log=FILE         output logging to file
    -q | --quiet            quiet mode
    -r | --readonly         connect readonly
    -t | --timing           print timing information
    -v                      short version
    -V                      long version
         --version[=TYPE]   version, TYPE is short or long (default short)
  commands (non interactive mode):

 Domain Management (help keyword 'domain')
    attach-device                  attach device from an XML file
    attach-disk                    attach disk device
    attach-interface               attach network interface
    autostart                      autostart a domain
    blkdeviotune                   Set or query a block device I/O tuning parameters.
    blkiotune                      Get or set blkio parameters
    blockcommit                    Start a block commit operation.
    blockcopy                      Start a block copy operation.
    blockjob                       Manage active block operations
    blockpull                      Populate a disk from its backing image.
    blockresize                    Resize block device of domain.
    change-media                   Change media of CD or floppy drive
    console                        connect to the guest console
    cpu-stats                      show domain cpu statistics
    create                         create a domain from an XML file
    define                         define (but don't start) a domain from an XML file
    desc                           show or set domain's description or title
    destroy                        destroy (stop) a domain
    detach-device                  detach device from an XML file
    detach-device-alias            detach device from an alias
    detach-disk                    detach disk device
    detach-interface               detach network interface
    domdisplay                     domain display connection URI
    domfsfreeze                    Freeze domain's mounted filesystems.
    domfsthaw                      Thaw domain's mounted filesystems.
    domfsinfo                      Get information of domain's mounted filesystems.
    domfstrim                      Invoke fstrim on domain's mounted filesystems.
    domhostname                    print the domain's hostname
    domid                          convert a domain name or UUID to domain id
    domif-setlink                  set link state of a virtual interface
    domiftune                      get/set parameters of a virtual interface
    domjobabort                    abort active domain job
    domjobinfo                     domain job information
    domlaunchsecinfo               Get domain launch security info
    domsetlaunchsecstate           Set domain launch security state
    domname                        convert a domain id or UUID to domain name
    domrename                      rename a domain
    dompmsuspend                   suspend a domain gracefully using power management functions
    dompmwakeup                    wakeup a domain from pmsuspended state
    domuuid                        convert a domain name or id to domain UUID
    domxml-from-native             Convert native config to domain XML
    domxml-to-native               Convert domain XML to native config
    dump                           dump the core of a domain to a file for analysis
    dumpxml                        domain information in XML
    edit                           edit XML configuration for a domain
    event                          Domain Events
    get-user-sshkeys               list authorized SSH keys for given user (via agent)
    inject-nmi                     Inject NMI to the guest
    iothreadinfo                   view domain IOThreads
    iothreadpin                    control domain IOThread affinity
    iothreadadd                    add an IOThread to the guest domain
    iothreadset                    modifies an existing IOThread of the guest domain
    iothreaddel                    delete an IOThread from the guest domain
    send-key                       Send keycodes to the guest
    send-process-signal            Send signals to processes
    lxc-enter-namespace            LXC Guest Enter Namespace
    managedsave                    managed save of a domain state
    managedsave-remove             Remove managed save of a domain
    managedsave-edit               edit XML for a domain's managed save state file
    managedsave-dumpxml            Domain information of managed save state file in XML
    managedsave-define             redefine the XML for a domain's managed save state file
    memtune                        Get or set memory parameters
    perf                           Get or set perf event
    metadata                       show or set domain's custom XML metadata
    migrate                        migrate domain to another host
    migrate-setmaxdowntime         set maximum tolerable downtime
    migrate-getmaxdowntime         get maximum tolerable downtime
    migrate-compcache              get/set compression cache size
    migrate-setspeed               Set the maximum migration bandwidth
    migrate-getspeed               Get the maximum migration bandwidth
    migrate-postcopy               Switch running migration from pre-copy to post-copy
    numatune                       Get or set numa parameters
    qemu-attach                    QEMU Attach
    qemu-monitor-command           QEMU Monitor Command
    qemu-monitor-event             QEMU Monitor Events
    qemu-agent-command             QEMU Guest Agent Command
    guest-agent-timeout            Set the guest agent timeout
    reboot                         reboot a domain
    reset                          reset a domain
    restore                        restore a domain from a saved state in a file
    resume                         resume a domain
    save                           save a domain state to a file
    save-image-define              redefine the XML for a domain's saved state file
    save-image-dumpxml             saved state domain information in XML
    save-image-edit                edit XML for a domain's saved state file
    schedinfo                      show/set scheduler parameters
    screenshot                     take a screenshot of a current domain console and store it into a file
    set-lifecycle-action           change lifecycle actions
    set-user-sshkeys               manipulate authorized SSH keys file for given user (via agent)
    set-user-password              set the user password inside the domain
    setmaxmem                      change maximum memory limit
    setmem                         change memory allocation
    setvcpus                       change number of virtual CPUs
    shutdown                       gracefully shutdown a domain
    start                          start a (previously defined) inactive domain
    suspend                        suspend a domain
    ttyconsole                     tty console
    undefine                       undefine a domain
    update-device                  update device from an XML file
    update-memory-device           update memory device of a domain
    vcpucount                      domain vcpu counts
    vcpuinfo                       detailed domain vcpu information
    vcpupin                        control or query domain vcpu affinity
    emulatorpin                    control or query domain emulator affinity
    vncdisplay                     vnc display
    guestvcpus                     query or modify state of vcpu in the guest (via agent)
    setvcpu                        attach/detach vcpu or groups of threads
    domblkthreshold                set the threshold for block-threshold event for a given block device or it's backing chain element
    guestinfo                      query information about the guest (via agent)
    domdirtyrate-calc              Calculate a vm's memory dirty rate

 Domain Monitoring (help keyword 'monitor')
    domblkerror                    Show errors on block devices
    domblkinfo                     domain block device size information
    domblklist                     list all domain blocks
    domblkstat                     get device block stats for a domain
    domcontrol                     domain control interface state
    domif-getlink                  get link state of a virtual interface
    domifaddr                      Get network interfaces' addresses for a running domain
    domiflist                      list all domain virtual interfaces
    domifstat                      get network interface stats for a domain
    dominfo                        domain information
    dommemstat                     get memory statistics for a domain
    domstate                       domain state
    domstats                       get statistics about one or multiple domains
    domtime                        domain time
    list                           list domains

 Host and Hypervisor (help keyword 'host')
    allocpages                     Manipulate pages pool size
    capabilities                   capabilities
    cpu-baseline                   compute baseline CPU
    cpu-compare                    compare host CPU with a CPU described by an XML file
    cpu-models                     CPU models
    domcapabilities                domain capabilities
    freecell                       NUMA free memory
    freepages                      NUMA free pages
    hostname                       print the hypervisor hostname
    hypervisor-cpu-baseline        compute baseline CPU usable by a specific hypervisor
    hypervisor-cpu-compare         compare a CPU with the CPU created by a hypervisor on the host
    maxvcpus                       connection vcpu maximum
    node-memory-tune               Get or set node memory parameters
    nodecpumap                     node cpu map
    nodecpustats                   Prints cpu stats of the node.
    nodeinfo                       node information
    nodememstats                   Prints memory stats of the node.
    nodesevinfo                    node SEV information
    nodesuspend                    suspend the host node for a given time duration
    sysinfo                        print the hypervisor sysinfo
    uri                            print the hypervisor canonical URI
    version                        show version

 Checkpoint (help keyword 'checkpoint')
    checkpoint-create              Create a checkpoint from XML
    checkpoint-create-as           Create a checkpoint from a set of args
    checkpoint-delete              Delete a domain checkpoint
    checkpoint-dumpxml             Dump XML for a domain checkpoint
    checkpoint-edit                edit XML for a checkpoint
    checkpoint-info                checkpoint information
    checkpoint-list                List checkpoints for a domain
    checkpoint-parent              Get the name of the parent of a checkpoint

 Interface (help keyword 'interface')
    iface-begin                    create a snapshot of current interfaces settings, which can be later committed (iface-commit) or restored (iface-rollback)
    iface-bridge                   create a bridge device and attach an existing network device to it
    iface-commit                   commit changes made since iface-begin and free restore point
    iface-define                   define an inactive persistent physical host interface or modify an existing persistent one from an XML file
    iface-destroy                  destroy a physical host interface (disable it / "if-down")
    iface-dumpxml                  interface information in XML
    iface-edit                     edit XML configuration for a physical host interface
    iface-list                     list physical host interfaces
    iface-mac                      convert an interface name to interface MAC address
    iface-name                     convert an interface MAC address to interface name
    iface-rollback                 rollback to previous saved configuration created via iface-begin
    iface-start                    start a physical host interface (enable it / "if-up")
    iface-unbridge                 undefine a bridge device after detaching its device(s)
    iface-undefine                 undefine a physical host interface (remove it from configuration)

 Network Filter (help keyword 'filter')
    nwfilter-define                define or update a network filter from an XML file
    nwfilter-dumpxml               network filter information in XML
    nwfilter-edit                  edit XML configuration for a network filter
    nwfilter-list                  list network filters
    nwfilter-undefine              undefine a network filter
    nwfilter-binding-create        create a network filter binding from an XML file
    nwfilter-binding-delete        delete a network filter binding
    nwfilter-binding-dumpxml       network filter information in XML
    nwfilter-binding-list          list network filter bindings

 Networking (help keyword 'network')
    net-autostart                  autostart a network
    net-create                     create a network from an XML file
    net-define                     define an inactive persistent virtual network or modify an existing persistent one from an XML file
    net-destroy                    destroy (stop) a network
    net-dhcp-leases                print lease info for a given network
    net-dumpxml                    network information in XML
    net-edit                       edit XML configuration for a network
    net-event                      Network Events
    net-info                       network information
    net-list                       list networks
    net-name                       convert a network UUID to network name
    net-start                      start a (previously defined) inactive network
    net-undefine                   undefine a persistent network
    net-update                     update parts of an existing network's configuration
    net-uuid                       convert a network name to network UUID
    net-port-list                  list network ports
    net-port-create                create a network port from an XML file
    net-port-dumpxml               network port information in XML
    net-port-delete                delete the specified network port

 Node Device (help keyword 'nodedev')
    nodedev-create                 create a device defined by an XML file on the node
    nodedev-destroy                destroy (stop) a device on the node
    nodedev-detach                 detach node device from its device driver
    nodedev-dumpxml                node device details in XML
    nodedev-list                   enumerate devices on this host
    nodedev-reattach               reattach node device to its device driver
    nodedev-reset                  reset node device
    nodedev-event                  Node Device Events
    nodedev-define                 Define a device by an xml file on a node
    nodedev-undefine               Undefine an inactive node device
    nodedev-start                  Start an inactive node device
    nodedev-autostart              autostart a defined node device
    nodedev-info                   node device information

 Secret (help keyword 'secret')
    secret-define                  define or modify a secret from an XML file
    secret-dumpxml                 secret attributes in XML
    secret-event                   Secret Events
    secret-get-value               Output a secret value
    secret-list                    list secrets
    secret-set-value               set a secret value
    secret-undefine                undefine a secret

 Snapshot (help keyword 'snapshot')
    snapshot-create                Create a snapshot from XML
    snapshot-create-as             Create a snapshot from a set of args
    snapshot-current               Get or set the current snapshot
    snapshot-delete                Delete a domain snapshot
    snapshot-dumpxml               Dump XML for a domain snapshot
    snapshot-edit                  edit XML for a snapshot
    snapshot-info                  snapshot information
    snapshot-list                  List snapshots for a domain
    snapshot-parent                Get the name of the parent of a snapshot
    snapshot-revert                Revert a domain to a snapshot

 Backup (help keyword 'backup')
    backup-begin                   Start a disk backup of a live domain
    backup-dumpxml                 Dump XML for an ongoing domain block backup job

 Storage Pool (help keyword 'pool')
    find-storage-pool-sources-as   find potential storage pool sources
    find-storage-pool-sources      discover potential storage pool sources
    pool-autostart                 autostart a pool
    pool-build                     build a pool
    pool-create-as                 create a pool from a set of args
    pool-create                    create a pool from an XML file
    pool-define-as                 define a pool from a set of args
    pool-define                    define an inactive persistent storage pool or modify an existing persistent one from an XML file
    pool-delete                    delete a pool
    pool-destroy                   destroy (stop) a pool
    pool-dumpxml                   pool information in XML
    pool-edit                      edit XML configuration for a storage pool
    pool-info                      storage pool information
    pool-list                      list pools
    pool-name                      convert a pool UUID to pool name
    pool-refresh                   refresh a pool
    pool-start                     start a (previously defined) inactive pool
    pool-undefine                  undefine an inactive pool
    pool-uuid                      convert a pool name to pool UUID
    pool-event                     Storage Pool Events
    pool-capabilities              storage pool capabilities

 Storage Volume (help keyword 'volume')
    vol-clone                      clone a volume.
    vol-create-as                  create a volume from a set of args
    vol-create                     create a vol from an XML file
    vol-create-from                create a vol, using another volume as input
    vol-delete                     delete a vol
    vol-download                   download volume contents to a file
    vol-dumpxml                    vol information in XML
    vol-info                       storage vol information
    vol-key                        returns the volume key for a given volume name or path
    vol-list                       list vols
    vol-name                       returns the volume name for a given volume key or path
    vol-path                       returns the volume path for a given volume name or key
    vol-pool                       returns the storage pool for a given volume key or path
    vol-resize                     resize a vol
    vol-upload                     upload file contents to a volume
    vol-wipe                       wipe a vol

 Virsh itself (help keyword 'virsh')
    cd                             change the current directory
    echo                           echo arguments. Used for internal testing.
    exit                           quit this interactive terminal
    help                           print help
    pwd                            print the current directory
    quit                           quit this interactive terminal
    connect                        (re)connect to hypervisor


  (specify help <group> for details about the commands in the group)

  (specify help <command> for details about the command)

agupta@hl001:~$ 





agupta@hl001:~$ virt-install --help
usage: virt-install --name NAME --memory MB STORAGE INSTALL [options]

Create a new virtual machine from specified install media.

options:
  -h, --help            show this help message and exit
  --version             show program's version number and exit
  --connect URI         Connect to hypervisor with libvirt URI

General Options:
  -n NAME, --name NAME  Name of the guest instance
  --memory MEMORY       Configure guest memory allocation. Ex:
                        --memory 1024 (in MiB)
                        --memory memory=1024,currentMemory=512
  --vcpus VCPUS         Number of vCPUs to configure for your guest. Ex:
                        --vcpus 5
                        --vcpus 5,maxvcpus=10,cpuset=1-4,6,8
                        --vcpus sockets=2,cores=4,threads=2
  --cpu CPU             CPU model and features. Ex:
                        --cpu coreduo,+x2apic
                        --cpu host-passthrough
                        --cpu host
  --metadata METADATA   Configure guest metadata. Ex:
                        --metadata name=foo,title="My pretty title",uuid=...
                        --metadata description="My nice long description"
  --xml XML             Perform raw XML XPath options on the final XML. Example:
                        --xml ./cpu/@mode=host-passthrough
                        --xml ./devices/disk[2]/serial=new-serial
                        --xml xpath.delete=./clock

Installation Method Options:
  --cdrom CDROM         CD-ROM installation media
  -l LOCATION, --location LOCATION
                        Distro install URL, eg. https://host/path. See man page for specific distro examples.
  --pxe                 Boot from the network using the PXE protocol
  --import              Build guest around an existing disk image
  -x EXTRA_ARGS, --extra-args EXTRA_ARGS
                        Additional arguments to pass to the install kernel booted from --location
  --initrd-inject INITRD_INJECT
                        Add given file to root of initrd from --location
  --unattended [UNATTENDED]
                        Perform an unattended installation
  --install INSTALL     Specify fine grained install options
  --reinstall DOMAIN    Reinstall existing VM. Only install options are applied, all other VM configuration options are ignored.
  --cloud-init [CLOUD_INIT]
                        Perform a cloud image installation, configuring cloud-init
  --boot BOOT           Configure guest boot settings. Ex:
                        --boot hd,cdrom,menu=on
                        --boot init=/sbin/init (for containers)
  --idmap IDMAP         Enable user namespace for LXC container. Ex:
                        --idmap uid.start=0,uid.target=1000,uid.count=10

OS options:
  --os-variant OS_VARIANT, --osinfo OS_VARIANT
                        The OS being installed in the guest.
                        This is used for deciding optimal defaults like VirtIO.
                        Example values: fedora29, rhel7.0, win10, ...
                        Use '--osinfo list' to see a full list.

Device Options:
  --disk DISK           Specify storage with various options. Ex.
                        --disk size=10 (new 10GiB image in default location)
                        --disk /my/existing/disk,cache=none
                        --disk device=cdrom,bus=scsi
                        --disk=?
  -w NETWORK, --network NETWORK
                        Configure a guest network interface. Ex:
                        --network bridge=mybr0
                        --network network=my_libvirt_virtual_net
                        --network network=mynet,model=virtio,mac=00:11...
                        --network none
                        --network help
  --graphics GRAPHICS   Configure guest display settings. Ex:
                        --graphics spice
                        --graphics vnc,port=5901,listen=0.0.0.0
                        --graphics none
  --controller CONTROLLER
                        Configure a guest controller device. Ex:
                        --controller type=usb,model=qemu-xhci
                        --controller type=scsi,model=virtio-scsi
  --input INPUT         Configure a guest input device. Ex:
                        --input tablet
                        --input keyboard,bus=usb
  --serial SERIAL       Configure a guest serial device
  --parallel PARALLEL   Configure a guest parallel device
  --channel CHANNEL     Configure a guest communication channel
  --console CONSOLE     Configure a text console connection between the guest and host
  --hostdev HOSTDEV     Configure physical USB/PCI/etc host devices to be shared with the guest
  --filesystem FILESYSTEM
                        Pass host directory to the guest. Ex: 
                        --filesystem /my/source/dir,/dir/in/guest
                        --filesystem template_name,/,type=template
  --sound [SOUND]       Configure guest sound device emulation
  --audio AUDIO         Configure host audio backend for sound devices
  --watchdog WATCHDOG   Configure a guest watchdog device
  --video VIDEO         Configure guest video hardware.
  --smartcard SMARTCARD
                        Configure a guest smartcard device. Ex:
                        --smartcard mode=passthrough
  --redirdev REDIRDEV   Configure a guest redirection device. Ex:
                        --redirdev usb,type=tcp,server=192.168.1.1:4000
  --memballoon MEMBALLOON
                        Configure a guest memballoon device. Ex:
                        --memballoon model=virtio
  --tpm TPM             Configure a guest TPM device. Ex:
                        --tpm /dev/tpm
  --rng RNG             Configure a guest RNG device. Ex:
                        --rng /dev/urandom
  --panic PANIC         Configure a guest panic device. Ex:
                        --panic default
  --shmem SHMEM         Configure a guest shared memory device. Ex:
                        --shmem name=shmem0
  --memdev MEMDEV       Configure a guest memory device. Ex:
                        --memdev dimm,target.size=1024
  --vsock VSOCK         Configure guest vsock sockets. Ex:
                        --vsock cid.auto=yes
                        --vsock cid.address=7
  --iommu IOMMU         Configure an IOMMU device. Ex:
                        --iommu model=intel,driver.aw_bits=48

Guest Configuration Options:
  --iothreads IOTHREADS
                        Set domain <iothreads> and <iothreadids> configuration.
  --seclabel SECLABEL, --security SECLABEL
                        Set domain seclabel configuration.
  --keywrap KEYWRAP     Set guest to perform the S390 cryptographic key management operations.
  --cputune CPUTUNE     Tune CPU parameters for the domain process.
  --numatune NUMATUNE   Tune NUMA policy for the domain process.
  --memtune MEMTUNE     Tune memory policy for the domain process.
  --blkiotune BLKIOTUNE
                        Tune blkio policy for the domain process.
  --memorybacking MEMORYBACKING
                        Set memory backing policy for the domain process. Ex:
                        --memorybacking hugepages=on
  --features FEATURES   Set domain <features> XML. Ex:
                        --features acpi=off
                        --features apic=on,apic.eoi=on
  --clock CLOCK         Set domain <clock> XML. Ex:
                        --clock offset=localtime,rtc_tickpolicy=catchup
  --pm PM               Configure VM power management features
  --events EVENTS       Configure VM lifecycle management policy
  --resource RESOURCE   Configure VM resource partitioning (cgroups)
  --sysinfo SYSINFO     Configure SMBIOS System Information. Ex:
                        --sysinfo host
                        --sysinfo bios.vendor=MyVendor,bios.version=1.2.3,...
  --qemu-commandline QEMU_COMMANDLINE
                        Pass arguments directly to the QEMU emulator. Ex:
                        --qemu-commandline='-display gtk,gl=on'
                        --qemu-commandline env=DISPLAY=:0.1
  --launchSecurity LAUNCHSECURITY, --launchsecurity LAUNCHSECURITY
                        Configure VM launch security (e.g. SEV memory encryption). Ex:
                        --launchSecurity sev

Virtualization Platform Options:
  -v, --hvm             This guest should be a fully virtualized guest
  -p, --paravirt        This guest should be a paravirtualized guest
  --container           This guest should be a container guest
  --virt-type VIRT_TYPE
                        Hypervisor name to use (kvm, qemu, xen, ...)
  --arch ARCH           The CPU architecture to simulate
  --machine MACHINE     The machine type to emulate

Miscellaneous Options:
  --autostart           Have domain autostart on host boot up.
  --transient           Create a transient domain.
  --destroy-on-exit     Force power off the domain when the console viewer is closed.
  --wait [WAIT]         Minutes to wait for install to complete.
  --autoconsole AUTOCONSOLE
                        Configure guest console auto connect. Example:
                        --autoconsole text
                        --autoconsole graphical
                        --autoconsole none
  --noautoconsole       Don't automatically try to connect to the guest console
  --noreboot            Don't boot guest after completing install.
  --print-xml [XMLONLY]
                        Print the generated domain XML rather than create the guest.
  --dry-run             Run through install process, but do not create devices or define the guest.
  --check CHECK         Enable or disable validation checks. Example:
                        --check path_in_use=off
                        --check all=off
  -q, --quiet           Suppress non-error output
  -d, --debug           Print debugging information

Use '--option=?' or '--option help' to see available suboptions
See man page for examples and full option syntax.
agupta@hl001:~$ 
